running develop
running egg_info
creating serial_communication_pkg.egg-info
writing serial_communication_pkg.egg-info/PKG-INFO
writing dependency_links to serial_communication_pkg.egg-info/dependency_links.txt
writing entry points to serial_communication_pkg.egg-info/entry_points.txt
writing requirements to serial_communication_pkg.egg-info/requires.txt
writing top-level names to serial_communication_pkg.egg-info/top_level.txt
writing manifest file 'serial_communication_pkg.egg-info/SOURCES.txt'
reading manifest file 'serial_communication_pkg.egg-info/SOURCES.txt'
writing manifest file 'serial_communication_pkg.egg-info/SOURCES.txt'
running build_ext
Creating /home/user/ros2_ws/install/serial_communication_pkg/lib/python3.10/site-packages/serial-communication-pkg.egg-link (link to .)
Installing serial_sender_node script to /home/user/ros2_ws/install/serial_communication_pkg/lib/serial_communication_pkg

Installed /home/user/ros2_ws/build/serial_communication_pkg
running symlink_data
creating /home/user/ros2_ws/install/serial_communication_pkg/share/ament_index
creating /home/user/ros2_ws/install/serial_communication_pkg/share/ament_index/resource_index
creating /home/user/ros2_ws/install/serial_communication_pkg/share/ament_index/resource_index/packages
symbolically linking /home/user/ros2_ws/build/serial_communication_pkg/resource/serial_communication_pkg -> /home/user/ros2_ws/install/serial_communication_pkg/share/ament_index/resource_index/packages
symbolically linking /home/user/ros2_ws/build/serial_communication_pkg/package.xml -> /home/user/ros2_ws/install/serial_communication_pkg/share/serial_communication_pkg
