[1.857s] Invoking command in '/home/user/ros2_ws/build/serial_communication_pkg': PYTHONPATH=/home/user/ros2_ws/build/serial_communication_pkg/prefix_override:/usr/lib/python3/dist-packages/colcon_core/task/python/colcon_distutils_commands:/home/user/ros2_ws/install/serial_communication_pkg/lib/python3.10/site-packages:${PYTHONPATH} /usr/bin/python3 -W ignore:setup.py install is deprecated -W ignore:easy_install command is deprecated setup.py develop --editable --build-directory /home/user/ros2_ws/build/serial_communication_pkg/build --no-deps symlink_data
[2.183s] running develop
[2.353s] running egg_info
[2.354s] creating serial_communication_pkg.egg-info
[2.354s] writing serial_communication_pkg.egg-info/PKG-INFO
[2.354s] writing dependency_links to serial_communication_pkg.egg-info/dependency_links.txt
[2.354s] writing entry points to serial_communication_pkg.egg-info/entry_points.txt
[2.354s] writing requirements to serial_communication_pkg.egg-info/requires.txt
[2.354s] writing top-level names to serial_communication_pkg.egg-info/top_level.txt
[2.355s] writing manifest file 'serial_communication_pkg.egg-info/SOURCES.txt'
[2.355s] reading manifest file 'serial_communication_pkg.egg-info/SOURCES.txt'
[2.356s] writing manifest file 'serial_communication_pkg.egg-info/SOURCES.txt'
[2.358s] running build_ext
[2.358s] Creating /home/user/ros2_ws/install/serial_communication_pkg/lib/python3.10/site-packages/serial-communication-pkg.egg-link (link to .)
[2.359s] Installing serial_sender_node script to /home/user/ros2_ws/install/serial_communication_pkg/lib/serial_communication_pkg
[2.359s] 
[2.359s] Installed /home/user/ros2_ws/build/serial_communication_pkg
[2.359s] running symlink_data
[2.360s] creating /home/user/ros2_ws/install/serial_communication_pkg/share/ament_index
[2.360s] creating /home/user/ros2_ws/install/serial_communication_pkg/share/ament_index/resource_index
[2.360s] creating /home/user/ros2_ws/install/serial_communication_pkg/share/ament_index/resource_index/packages
[2.360s] symbolically linking /home/user/ros2_ws/build/serial_communication_pkg/resource/serial_communication_pkg -> /home/user/ros2_ws/install/serial_communication_pkg/share/ament_index/resource_index/packages
[2.360s] symbolically linking /home/user/ros2_ws/build/serial_communication_pkg/package.xml -> /home/user/ros2_ws/install/serial_communication_pkg/share/serial_communication_pkg
[2.409s] Invoked command in '/home/user/ros2_ws/build/serial_communication_pkg' returned '0': PYTHONPATH=/home/user/ros2_ws/build/serial_communication_pkg/prefix_override:/usr/lib/python3/dist-packages/colcon_core/task/python/colcon_distutils_commands:/home/user/ros2_ws/install/serial_communication_pkg/lib/python3.10/site-packages:${PYTHONPATH} /usr/bin/python3 -W ignore:setup.py install is deprecated -W ignore:easy_install command is deprecated setup.py develop --editable --build-directory /home/user/ros2_ws/build/serial_communication_pkg/build --no-deps symlink_data
