running develop
running egg_info
creating lidar_perception_pkg.egg-info
writing lidar_perception_pkg.egg-info/PKG-INFO
writing dependency_links to lidar_perception_pkg.egg-info/dependency_links.txt
writing entry points to lidar_perception_pkg.egg-info/entry_points.txt
writing requirements to lidar_perception_pkg.egg-info/requires.txt
writing top-level names to lidar_perception_pkg.egg-info/top_level.txt
writing manifest file 'lidar_perception_pkg.egg-info/SOURCES.txt'
reading manifest file 'lidar_perception_pkg.egg-info/SOURCES.txt'
writing manifest file 'lidar_perception_pkg.egg-info/SOURCES.txt'
running build_ext
Creating /home/user/ros2_ws/install/lidar_perception_pkg/lib/python3.10/site-packages/lidar-perception-pkg.egg-link (link to .)
Installing lidar_obstacle_detector_node script to /home/user/ros2_ws/install/lidar_perception_pkg/lib/lidar_perception_pkg
Installing lidar_processor_node script to /home/user/ros2_ws/install/lidar_perception_pkg/lib/lidar_perception_pkg
Installing lidar_publisher_node script to /home/user/ros2_ws/install/lidar_perception_pkg/lib/lidar_perception_pkg

Installed /home/user/ros2_ws/build/lidar_perception_pkg
running symlink_data
creating /home/user/ros2_ws/install/lidar_perception_pkg/share/ament_index
creating /home/user/ros2_ws/install/lidar_perception_pkg/share/ament_index/resource_index
creating /home/user/ros2_ws/install/lidar_perception_pkg/share/ament_index/resource_index/packages
symbolically linking /home/user/ros2_ws/build/lidar_perception_pkg/resource/lidar_perception_pkg -> /home/user/ros2_ws/install/lidar_perception_pkg/share/ament_index/resource_index/packages
symbolically linking /home/user/ros2_ws/build/lidar_perception_pkg/package.xml -> /home/user/ros2_ws/install/lidar_perception_pkg/share/lidar_perception_pkg
