[1.882s] Invoking command in '/home/user/ros2_ws/build/lidar_perception_pkg': PYTHONPATH=/home/user/ros2_ws/build/lidar_perception_pkg/prefix_override:/usr/lib/python3/dist-packages/colcon_core/task/python/colcon_distutils_commands:/home/user/ros2_ws/install/lidar_perception_pkg/lib/python3.10/site-packages:${PYTHONPATH} /usr/bin/python3 -W ignore:setup.py install is deprecated -W ignore:easy_install command is deprecated setup.py develop --editable --build-directory /home/user/ros2_ws/build/lidar_perception_pkg/build --no-deps symlink_data
[2.220s] running develop
[2.394s] running egg_info
[2.394s] creating lidar_perception_pkg.egg-info
[2.394s] writing lidar_perception_pkg.egg-info/PKG-INFO
[2.394s] writing dependency_links to lidar_perception_pkg.egg-info/dependency_links.txt
[2.394s] writing entry points to lidar_perception_pkg.egg-info/entry_points.txt
[2.394s] writing requirements to lidar_perception_pkg.egg-info/requires.txt
[2.394s] writing top-level names to lidar_perception_pkg.egg-info/top_level.txt
[2.395s] writing manifest file 'lidar_perception_pkg.egg-info/SOURCES.txt'
[2.397s] reading manifest file 'lidar_perception_pkg.egg-info/SOURCES.txt'
[2.397s] writing manifest file 'lidar_perception_pkg.egg-info/SOURCES.txt'
[2.398s] running build_ext
[2.399s] Creating /home/user/ros2_ws/install/lidar_perception_pkg/lib/python3.10/site-packages/lidar-perception-pkg.egg-link (link to .)
[2.399s] Installing lidar_obstacle_detector_node script to /home/user/ros2_ws/install/lidar_perception_pkg/lib/lidar_perception_pkg
[2.400s] Installing lidar_processor_node script to /home/user/ros2_ws/install/lidar_perception_pkg/lib/lidar_perception_pkg
[2.400s] Installing lidar_publisher_node script to /home/user/ros2_ws/install/lidar_perception_pkg/lib/lidar_perception_pkg
[2.400s] 
[2.400s] Installed /home/user/ros2_ws/build/lidar_perception_pkg
[2.400s] running symlink_data
[2.400s] creating /home/user/ros2_ws/install/lidar_perception_pkg/share/ament_index
[2.400s] creating /home/user/ros2_ws/install/lidar_perception_pkg/share/ament_index/resource_index
[2.400s] creating /home/user/ros2_ws/install/lidar_perception_pkg/share/ament_index/resource_index/packages
[2.400s] symbolically linking /home/user/ros2_ws/build/lidar_perception_pkg/resource/lidar_perception_pkg -> /home/user/ros2_ws/install/lidar_perception_pkg/share/ament_index/resource_index/packages
[2.400s] symbolically linking /home/user/ros2_ws/build/lidar_perception_pkg/package.xml -> /home/user/ros2_ws/install/lidar_perception_pkg/share/lidar_perception_pkg
[2.441s] Invoked command in '/home/user/ros2_ws/build/lidar_perception_pkg' returned '0': PYTHONPATH=/home/user/ros2_ws/build/lidar_perception_pkg/prefix_override:/usr/lib/python3/dist-packages/colcon_core/task/python/colcon_distutils_commands:/home/user/ros2_ws/install/lidar_perception_pkg/lib/python3.10/site-packages:${PYTHONPATH} /usr/bin/python3 -W ignore:setup.py install is deprecated -W ignore:easy_install command is deprecated setup.py develop --editable --build-directory /home/user/ros2_ws/build/lidar_perception_pkg/build --no-deps symlink_data
