running develop
running egg_info
creating decision_making_pkg.egg-info
writing decision_making_pkg.egg-info/PKG-INFO
writing dependency_links to decision_making_pkg.egg-info/dependency_links.txt
writing entry points to decision_making_pkg.egg-info/entry_points.txt
writing requirements to decision_making_pkg.egg-info/requires.txt
writing top-level names to decision_making_pkg.egg-info/top_level.txt
writing manifest file 'decision_making_pkg.egg-info/SOURCES.txt'
reading manifest file 'decision_making_pkg.egg-info/SOURCES.txt'
writing manifest file 'decision_making_pkg.egg-info/SOURCES.txt'
running build_ext
Creating /home/user/ros2_ws/install/decision_making_pkg/lib/python3.10/site-packages/decision-making-pkg.egg-link (link to .)
Installing motion_planner_node script to /home/user/ros2_ws/install/decision_making_pkg/lib/decision_making_pkg
Installing path_planner_node script to /home/user/ros2_ws/install/decision_making_pkg/lib/decision_making_pkg

Installed /home/user/ros2_ws/build/decision_making_pkg
running symlink_data
creating /home/user/ros2_ws/install/decision_making_pkg/share/ament_index
creating /home/user/ros2_ws/install/decision_making_pkg/share/ament_index/resource_index
creating /home/user/ros2_ws/install/decision_making_pkg/share/ament_index/resource_index/packages
symbolically linking /home/user/ros2_ws/build/decision_making_pkg/resource/decision_making_pkg -> /home/user/ros2_ws/install/decision_making_pkg/share/ament_index/resource_index/packages
symbolically linking /home/user/ros2_ws/build/decision_making_pkg/package.xml -> /home/user/ros2_ws/install/decision_making_pkg/share/decision_making_pkg
