running develop
running egg_info
creating camera_perception_pkg.egg-info
writing camera_perception_pkg.egg-info/PKG-INFO
writing dependency_links to camera_perception_pkg.egg-info/dependency_links.txt
writing entry points to camera_perception_pkg.egg-info/entry_points.txt
writing requirements to camera_perception_pkg.egg-info/requires.txt
writing top-level names to camera_perception_pkg.egg-info/top_level.txt
writing manifest file 'camera_perception_pkg.egg-info/SOURCES.txt'
reading manifest file 'camera_perception_pkg.egg-info/SOURCES.txt'
writing manifest file 'camera_perception_pkg.egg-info/SOURCES.txt'
running build_ext
Creating /home/user/ros2_ws/install/camera_perception_pkg/lib/python3.10/site-packages/camera-perception-pkg.egg-link (link to .)
Installing image_publisher_node script to /home/user/ros2_ws/install/camera_perception_pkg/lib/camera_perception_pkg
Installing lane_info_extractor_node script to /home/user/ros2_ws/install/camera_perception_pkg/lib/camera_perception_pkg
Installing traffic_light_detector_node script to /home/user/ros2_ws/install/camera_perception_pkg/lib/camera_perception_pkg
Installing yolov8_node script to /home/user/ros2_ws/install/camera_perception_pkg/lib/camera_perception_pkg

Installed /home/user/ros2_ws/build/camera_perception_pkg
running symlink_data
creating /home/user/ros2_ws/install/camera_perception_pkg/share/ament_index
creating /home/user/ros2_ws/install/camera_perception_pkg/share/ament_index/resource_index
creating /home/user/ros2_ws/install/camera_perception_pkg/share/ament_index/resource_index/packages
symbolically linking /home/user/ros2_ws/build/camera_perception_pkg/resource/camera_perception_pkg -> /home/user/ros2_ws/install/camera_perception_pkg/share/ament_index/resource_index/packages
symbolically linking /home/user/ros2_ws/build/camera_perception_pkg/package.xml -> /home/user/ros2_ws/install/camera_perception_pkg/share/camera_perception_pkg
