[1.961s] Invoking command in '/home/user/ros2_ws/build/camera_perception_pkg': PYTHONPATH=/home/user/ros2_ws/build/camera_perception_pkg/prefix_override:/usr/lib/python3/dist-packages/colcon_core/task/python/colcon_distutils_commands:/home/user/ros2_ws/install/camera_perception_pkg/lib/python3.10/site-packages:${PYTHONPATH} /usr/bin/python3 -W ignore:setup.py install is deprecated -W ignore:easy_install command is deprecated setup.py develop --editable --build-directory /home/user/ros2_ws/build/camera_perception_pkg/build --no-deps symlink_data
[2.284s] running develop
[2.457s] running egg_info
[2.457s] creating camera_perception_pkg.egg-info
[2.458s] writing camera_perception_pkg.egg-info/PKG-INFO
[2.458s] writing dependency_links to camera_perception_pkg.egg-info/dependency_links.txt
[2.458s] writing entry points to camera_perception_pkg.egg-info/entry_points.txt
[2.458s] writing requirements to camera_perception_pkg.egg-info/requires.txt
[2.458s] writing top-level names to camera_perception_pkg.egg-info/top_level.txt
[2.458s] writing manifest file 'camera_perception_pkg.egg-info/SOURCES.txt'
[2.460s] reading manifest file 'camera_perception_pkg.egg-info/SOURCES.txt'
[2.460s] writing manifest file 'camera_perception_pkg.egg-info/SOURCES.txt'
[2.462s] running build_ext
[2.462s] Creating /home/user/ros2_ws/install/camera_perception_pkg/lib/python3.10/site-packages/camera-perception-pkg.egg-link (link to .)
[2.463s] Installing image_publisher_node script to /home/user/ros2_ws/install/camera_perception_pkg/lib/camera_perception_pkg
[2.463s] Installing lane_info_extractor_node script to /home/user/ros2_ws/install/camera_perception_pkg/lib/camera_perception_pkg
[2.464s] Installing traffic_light_detector_node script to /home/user/ros2_ws/install/camera_perception_pkg/lib/camera_perception_pkg
[2.464s] Installing yolov8_node script to /home/user/ros2_ws/install/camera_perception_pkg/lib/camera_perception_pkg
[2.464s] 
[2.464s] Installed /home/user/ros2_ws/build/camera_perception_pkg
[2.464s] running symlink_data
[2.464s] creating /home/user/ros2_ws/install/camera_perception_pkg/share/ament_index
[2.464s] creating /home/user/ros2_ws/install/camera_perception_pkg/share/ament_index/resource_index
[2.464s] creating /home/user/ros2_ws/install/camera_perception_pkg/share/ament_index/resource_index/packages
[2.464s] symbolically linking /home/user/ros2_ws/build/camera_perception_pkg/resource/camera_perception_pkg -> /home/user/ros2_ws/install/camera_perception_pkg/share/ament_index/resource_index/packages
[2.464s] symbolically linking /home/user/ros2_ws/build/camera_perception_pkg/package.xml -> /home/user/ros2_ws/install/camera_perception_pkg/share/camera_perception_pkg
[2.490s] Invoked command in '/home/user/ros2_ws/build/camera_perception_pkg' returned '0': PYTHONPATH=/home/user/ros2_ws/build/camera_perception_pkg/prefix_override:/usr/lib/python3/dist-packages/colcon_core/task/python/colcon_distutils_commands:/home/user/ros2_ws/install/camera_perception_pkg/lib/python3.10/site-packages:${PYTHONPATH} /usr/bin/python3 -W ignore:setup.py install is deprecated -W ignore:easy_install command is deprecated setup.py develop --editable --build-directory /home/user/ros2_ws/build/camera_perception_pkg/build --no-deps symlink_data
