[0.558s] Invoking command in '/home/user/ros2_ws/build/launch_pkg': CMAKE_PREFIX_PATH=${CMAKE_PREFIX_PATH}:/home/user/ros2_ws/install/serial_communication_pkg:/home/user/ros2_ws/install/lidar_perception_pkg:/home/user/ros2_ws/install/decision_making_pkg:/home/user/ros2_ws/install/debug_pkg:/home/user/ros2_ws/install/camera_perception_pkg:/opt/ros/humble /usr/bin/cmake /home/user/ros2_ws/src/launch_pkg -DAMENT_CMAKE_SYMLINK_INSTALL=1 -DCMAKE_INSTALL_PREFIX=/home/user/ros2_ws/install/launch_pkg
[0.804s] -- The C compiler identification is GNU 11.4.0
[0.804s] -- The CXX compiler identification is GNU 11.4.0
[0.804s] -- Detecting C compiler ABI info
[0.804s] -- Detecting C compiler ABI info - done
[0.806s] -- Check for working C compiler: /usr/bin/cc - skipped
[0.806s] -- Detecting C compile features
[0.807s] -- Detecting C compile features - done
[0.811s] -- Detecting CXX compiler ABI info
[0.900s] -- Detecting CXX compiler ABI info - done
[0.907s] -- Check for working CXX compiler: /usr/bin/c++ - skipped
[0.907s] -- Detecting CXX compile features
[0.908s] -- Detecting CXX compile features - done
[0.913s] -- Found ament_cmake: 1.3.14 (/opt/ros/humble/share/ament_cmake/cmake)
[1.088s] -- Found Python3: /usr/bin/python3 (found version "3.10.12") found components: Interpreter 
[1.189s] -- Override CMake install command with custom implementation using symlinks instead of copying resources
[1.236s] -- Found ament_lint_auto: 0.12.15 (/opt/ros/humble/share/ament_lint_auto/cmake)
[1.354s] -- Added test 'flake8' to check Python code syntax and style conventions
[1.355s] -- Added test 'lint_cmake' to check CMake code style
[1.356s] -- Added test 'pep257' to check Python code against some of the docstring style conventions in PEP 257
[1.358s] -- Added test 'xmllint' to check XML markup files
[1.361s] -- Configuring done
[1.365s] -- Generating done
[1.367s] -- Build files have been written to: /home/user/ros2_ws/build/launch_pkg
[1.374s] Invoked command in '/home/user/ros2_ws/build/launch_pkg' returned '0': CMAKE_PREFIX_PATH=${CMAKE_PREFIX_PATH}:/home/user/ros2_ws/install/serial_communication_pkg:/home/user/ros2_ws/install/lidar_perception_pkg:/home/user/ros2_ws/install/decision_making_pkg:/home/user/ros2_ws/install/debug_pkg:/home/user/ros2_ws/install/camera_perception_pkg:/opt/ros/humble /usr/bin/cmake /home/user/ros2_ws/src/launch_pkg -DAMENT_CMAKE_SYMLINK_INSTALL=1 -DCMAKE_INSTALL_PREFIX=/home/user/ros2_ws/install/launch_pkg
[1.377s] Invoking command in '/home/user/ros2_ws/build/launch_pkg': CMAKE_PREFIX_PATH=${CMAKE_PREFIX_PATH}:/home/user/ros2_ws/install/serial_communication_pkg:/home/user/ros2_ws/install/lidar_perception_pkg:/home/user/ros2_ws/install/decision_making_pkg:/home/user/ros2_ws/install/debug_pkg:/home/user/ros2_ws/install/camera_perception_pkg:/opt/ros/humble /usr/bin/cmake --build /home/user/ros2_ws/build/launch_pkg -- -j20 -l20
[1.437s] Invoked command in '/home/user/ros2_ws/build/launch_pkg' returned '0': CMAKE_PREFIX_PATH=${CMAKE_PREFIX_PATH}:/home/user/ros2_ws/install/serial_communication_pkg:/home/user/ros2_ws/install/lidar_perception_pkg:/home/user/ros2_ws/install/decision_making_pkg:/home/user/ros2_ws/install/debug_pkg:/home/user/ros2_ws/install/camera_perception_pkg:/opt/ros/humble /usr/bin/cmake --build /home/user/ros2_ws/build/launch_pkg -- -j20 -l20
[1.452s] Invoking command in '/home/user/ros2_ws/build/launch_pkg': CMAKE_PREFIX_PATH=${CMAKE_PREFIX_PATH}:/home/user/ros2_ws/install/serial_communication_pkg:/home/user/ros2_ws/install/lidar_perception_pkg:/home/user/ros2_ws/install/decision_making_pkg:/home/user/ros2_ws/install/debug_pkg:/home/user/ros2_ws/install/camera_perception_pkg:/opt/ros/humble /usr/bin/cmake --install /home/user/ros2_ws/build/launch_pkg
[1.464s] -- Install configuration: ""
[1.464s] -- Execute custom install script
[1.465s] -- Symlinking: /home/user/ros2_ws/install/launch_pkg/share/launch_pkg//launch/main.launch.py
[1.480s] -- Symlinking: /home/user/ros2_ws/install/launch_pkg/share/ament_index/resource_index/package_run_dependencies/launch_pkg
[1.493s] -- Symlinking: /home/user/ros2_ws/install/launch_pkg/share/ament_index/resource_index/parent_prefix_path/launch_pkg
[1.506s] -- Symlinking: /home/user/ros2_ws/install/launch_pkg/share/launch_pkg/environment/ament_prefix_path.sh
[1.518s] -- Symlinking: /home/user/ros2_ws/install/launch_pkg/share/launch_pkg/environment/ament_prefix_path.dsv
[1.531s] -- Symlinking: /home/user/ros2_ws/install/launch_pkg/share/launch_pkg/environment/path.sh
[1.544s] -- Symlinking: /home/user/ros2_ws/install/launch_pkg/share/launch_pkg/environment/path.dsv
[1.555s] -- Symlinking: /home/user/ros2_ws/install/launch_pkg/share/launch_pkg/local_setup.bash
[1.567s] -- Symlinking: /home/user/ros2_ws/install/launch_pkg/share/launch_pkg/local_setup.sh
[1.580s] -- Symlinking: /home/user/ros2_ws/install/launch_pkg/share/launch_pkg/local_setup.zsh
[1.590s] -- Symlinking: /home/user/ros2_ws/install/launch_pkg/share/launch_pkg/local_setup.dsv
[1.603s] -- Symlinking: /home/user/ros2_ws/install/launch_pkg/share/launch_pkg/package.dsv
[1.617s] -- Symlinking: /home/user/ros2_ws/install/launch_pkg/share/ament_index/resource_index/packages/launch_pkg
[1.629s] -- Symlinking: /home/user/ros2_ws/install/launch_pkg/share/launch_pkg/cmake/launch_pkgConfig.cmake
[1.641s] -- Symlinking: /home/user/ros2_ws/install/launch_pkg/share/launch_pkg/cmake/launch_pkgConfig-version.cmake
[1.652s] -- Symlinking: /home/user/ros2_ws/install/launch_pkg/share/launch_pkg/package.xml
[1.669s] Invoked command in '/home/user/ros2_ws/build/launch_pkg' returned '0': CMAKE_PREFIX_PATH=${CMAKE_PREFIX_PATH}:/home/user/ros2_ws/install/serial_communication_pkg:/home/user/ros2_ws/install/lidar_perception_pkg:/home/user/ros2_ws/install/decision_making_pkg:/home/user/ros2_ws/install/debug_pkg:/home/user/ros2_ws/install/camera_perception_pkg:/opt/ros/humble /usr/bin/cmake --install /home/user/ros2_ws/build/launch_pkg
