[1.883s] Invoking command in '/home/user/ros2_ws/build/debug_pkg': PYTHONPATH=/home/user/ros2_ws/build/debug_pkg/prefix_override:/usr/lib/python3/dist-packages/colcon_core/task/python/colcon_distutils_commands:/home/user/ros2_ws/install/debug_pkg/lib/python3.10/site-packages:${PYTHONPATH} /usr/bin/python3 -W ignore:setup.py install is deprecated -W ignore:easy_install command is deprecated setup.py develop --editable --build-directory /home/user/ros2_ws/build/debug_pkg/build --no-deps symlink_data
[2.228s] running develop
[2.400s] running egg_info
[2.400s] creating debug_pkg.egg-info
[2.401s] writing debug_pkg.egg-info/PKG-INFO
[2.401s] writing dependency_links to debug_pkg.egg-info/dependency_links.txt
[2.401s] writing entry points to debug_pkg.egg-info/entry_points.txt
[2.401s] writing requirements to debug_pkg.egg-info/requires.txt
[2.401s] writing top-level names to debug_pkg.egg-info/top_level.txt
[2.401s] writing manifest file 'debug_pkg.egg-info/SOURCES.txt'
[2.404s] reading manifest file 'debug_pkg.egg-info/SOURCES.txt'
[2.406s] writing manifest file 'debug_pkg.egg-info/SOURCES.txt'
[2.406s] running build_ext
[2.406s] Creating /home/user/ros2_ws/install/debug_pkg/lib/python3.10/site-packages/debug-pkg.egg-link (link to .)
[2.407s] Installing path_visualizer_node script to /home/user/ros2_ws/install/debug_pkg/lib/debug_pkg
[2.408s] Installing yolov8_visualizer_node script to /home/user/ros2_ws/install/debug_pkg/lib/debug_pkg
[2.408s] 
[2.408s] Installed /home/user/ros2_ws/build/debug_pkg
[2.408s] running symlink_data
[2.409s] creating /home/user/ros2_ws/install/debug_pkg/share/ament_index
[2.409s] creating /home/user/ros2_ws/install/debug_pkg/share/ament_index/resource_index
[2.409s] creating /home/user/ros2_ws/install/debug_pkg/share/ament_index/resource_index/packages
[2.409s] symbolically linking /home/user/ros2_ws/build/debug_pkg/resource/debug_pkg -> /home/user/ros2_ws/install/debug_pkg/share/ament_index/resource_index/packages
[2.409s] symbolically linking /home/user/ros2_ws/build/debug_pkg/package.xml -> /home/user/ros2_ws/install/debug_pkg/share/debug_pkg
[2.443s] Invoked command in '/home/user/ros2_ws/build/debug_pkg' returned '0': PYTHONPATH=/home/user/ros2_ws/build/debug_pkg/prefix_override:/usr/lib/python3/dist-packages/colcon_core/task/python/colcon_distutils_commands:/home/user/ros2_ws/install/debug_pkg/lib/python3.10/site-packages:${PYTHONPATH} /usr/bin/python3 -W ignore:setup.py install is deprecated -W ignore:easy_install command is deprecated setup.py develop --editable --build-directory /home/user/ros2_ws/build/debug_pkg/build --no-deps symlink_data
